Archive member included to satisfy reference by file (symbol)

d:/nucleistudio_ide_201908/nucleistudio_ide_201908/toolchain/risc-v embedded gcc/8.2.0-2.2-20190521-0004/bin/../lib/gcc/riscv-none-embed/8.2.0/rv32imac/ilp32\libgcc.a(divdf3.o)
                              ./Application/systick.o (__divdf3)
d:/nucleistudio_ide_201908/nucleistudio_ide_201908/toolchain/risc-v embedded gcc/8.2.0-2.2-20190521-0004/bin/../lib/gcc/riscv-none-embed/8.2.0/rv32imac/ilp32\libgcc.a(ledf2.o)
                              ./Application/systick.o (__ltdf2)
d:/nucleistudio_ide_201908/nucleistudio_ide_201908/toolchain/risc-v embedded gcc/8.2.0-2.2-20190521-0004/bin/../lib/gcc/riscv-none-embed/8.2.0/rv32imac/ilp32\libgcc.a(muldf3.o)
                              ./Application/systick.o (__muldf3)
d:/nucleistudio_ide_201908/nucleistudio_ide_201908/toolchain/risc-v embedded gcc/8.2.0-2.2-20190521-0004/bin/../lib/gcc/riscv-none-embed/8.2.0/rv32imac/ilp32\libgcc.a(floatunsidf.o)
                              ./Application/systick.o (__floatunsidf)
d:/nucleistudio_ide_201908/nucleistudio_ide_201908/toolchain/risc-v embedded gcc/8.2.0-2.2-20190521-0004/bin/../lib/gcc/riscv-none-embed/8.2.0/rv32imac/ilp32\libgcc.a(floatundidf.o)
                              ./Application/systick.o (__floatundidf)
d:/nucleistudio_ide_201908/nucleistudio_ide_201908/toolchain/risc-v embedded gcc/8.2.0-2.2-20190521-0004/bin/../lib/gcc/riscv-none-embed/8.2.0/rv32imac/ilp32\libgcc.a(_clzsi2.o)
                              d:/nucleistudio_ide_201908/nucleistudio_ide_201908/toolchain/risc-v embedded gcc/8.2.0-2.2-20190521-0004/bin/../lib/gcc/riscv-none-embed/8.2.0/rv32imac/ilp32\libgcc.a(divdf3.o) (__clzsi2)
d:/nucleistudio_ide_201908/nucleistudio_ide_201908/toolchain/risc-v embedded gcc/8.2.0-2.2-20190521-0004/bin/../lib/gcc/riscv-none-embed/8.2.0/rv32imac/ilp32\libgcc.a(_clz.o)
                              d:/nucleistudio_ide_201908/nucleistudio_ide_201908/toolchain/risc-v embedded gcc/8.2.0-2.2-20190521-0004/bin/../lib/gcc/riscv-none-embed/8.2.0/rv32imac/ilp32\libgcc.a(_clzsi2.o) (__clz_tab)
d:/nucleistudio_ide_201908/nucleistudio_ide_201908/toolchain/risc-v embedded gcc/8.2.0-2.2-20190521-0004/bin/../lib/gcc/riscv-none-embed/8.2.0/../../../../riscv-none-embed/lib/rv32imac/ilp32\libg_nano.a(lib_a-atexit.o)
                              ./RISCV/env_Eclipse/start.o (atexit)
d:/nucleistudio_ide_201908/nucleistudio_ide_201908/toolchain/risc-v embedded gcc/8.2.0-2.2-20190521-0004/bin/../lib/gcc/riscv-none-embed/8.2.0/../../../../riscv-none-embed/lib/rv32imac/ilp32\libg_nano.a(lib_a-exit.o)
                              ./RISCV/env_Eclipse/start.o (exit)
d:/nucleistudio_ide_201908/nucleistudio_ide_201908/toolchain/risc-v embedded gcc/8.2.0-2.2-20190521-0004/bin/../lib/gcc/riscv-none-embed/8.2.0/../../../../riscv-none-embed/lib/rv32imac/ilp32\libg_nano.a(lib_a-fini.o)
                              ./RISCV/env_Eclipse/start.o (__libc_fini_array)
d:/nucleistudio_ide_201908/nucleistudio_ide_201908/toolchain/risc-v embedded gcc/8.2.0-2.2-20190521-0004/bin/../lib/gcc/riscv-none-embed/8.2.0/../../../../riscv-none-embed/lib/rv32imac/ilp32\libg_nano.a(lib_a-impure.o)
                              d:/nucleistudio_ide_201908/nucleistudio_ide_201908/toolchain/risc-v embedded gcc/8.2.0-2.2-20190521-0004/bin/../lib/gcc/riscv-none-embed/8.2.0/../../../../riscv-none-embed/lib/rv32imac/ilp32\libg_nano.a(lib_a-exit.o) (_global_impure_ptr)
d:/nucleistudio_ide_201908/nucleistudio_ide_201908/toolchain/risc-v embedded gcc/8.2.0-2.2-20190521-0004/bin/../lib/gcc/riscv-none-embed/8.2.0/../../../../riscv-none-embed/lib/rv32imac/ilp32\libg_nano.a(lib_a-init.o)
                              ./RISCV/env_Eclipse/start.o (__libc_init_array)
d:/nucleistudio_ide_201908/nucleistudio_ide_201908/toolchain/risc-v embedded gcc/8.2.0-2.2-20190521-0004/bin/../lib/gcc/riscv-none-embed/8.2.0/../../../../riscv-none-embed/lib/rv32imac/ilp32\libg_nano.a(lib_a-strlen.o)
                              ./RISCV/stubs/write.o (strlen)
d:/nucleistudio_ide_201908/nucleistudio_ide_201908/toolchain/risc-v embedded gcc/8.2.0-2.2-20190521-0004/bin/../lib/gcc/riscv-none-embed/8.2.0/../../../../riscv-none-embed/lib/rv32imac/ilp32\libg_nano.a(lib_a-sysisatty.o)
                              ./RISCV/stubs/fstat.o (isatty)
d:/nucleistudio_ide_201908/nucleistudio_ide_201908/toolchain/risc-v embedded gcc/8.2.0-2.2-20190521-0004/bin/../lib/gcc/riscv-none-embed/8.2.0/../../../../riscv-none-embed/lib/rv32imac/ilp32\libg_nano.a(lib_a-syswrite.o)
                              ./RISCV/stubs/_exit.o (write)
d:/nucleistudio_ide_201908/nucleistudio_ide_201908/toolchain/risc-v embedded gcc/8.2.0-2.2-20190521-0004/bin/../lib/gcc/riscv-none-embed/8.2.0/../../../../riscv-none-embed/lib/rv32imac/ilp32\libg_nano.a(lib_a-writer.o)
[...]
Memory Configuration

Name             Origin             Length             Attributes
flash            0x0000000008000000 0x0000000000020000 axrl !w
ram              0x0000000020000000 0x0000000000008000 axw !rl
*default*        0x0000000000000000 0xffffffffffffffff

Linker script and memory map

LOAD ./Utilities/LCD_common/lcd_font.o
LOAD ./Utilities/gd32vf103v_eval.o
LOAD ./Utilities/gd32vf103v_lcd_eval.o
LOAD ./RISCV/stubs/_exit.o
LOAD ./RISCV/stubs/close.o
LOAD ./RISCV/stubs/fstat.o
LOAD ./RISCV/stubs/isatty.o
LOAD ./RISCV/stubs/lseek.o
LOAD ./RISCV/stubs/read.o
LOAD ./RISCV/stubs/sbrk.o
LOAD ./RISCV/stubs/write.o
LOAD ./RISCV/stubs/write_hex.o
LOAD ./RISCV/env_Eclipse/entry.o
LOAD ./RISCV/env_Eclipse/handlers.o
LOAD ./RISCV/env_Eclipse/init.o
LOAD ./RISCV/env_Eclipse/start.o
LOAD ./RISCV/env_Eclipse/your_printf.o
LOAD ./RISCV/drivers/n200_func.o
LOAD ./Peripherals/Source/gd32vf103_adc.o
LOAD ./Peripherals/Source/gd32vf103_bkp.o
LOAD ./Peripherals/Source/gd32vf103_can.o
LOAD ./Peripherals/Source/gd32vf103_crc.o
LOAD ./Peripherals/Source/gd32vf103_dac.o
LOAD ./Peripherals/Source/gd32vf103_dbg.o
LOAD ./Peripherals/Source/gd32vf103_dma.o
LOAD ./Peripherals/Source/gd32vf103_eclic.o
LOAD ./Peripherals/Source/gd32vf103_exmc.o
LOAD ./Peripherals/Source/gd32vf103_exti.o
LOAD ./Peripherals/Source/gd32vf103_fmc.o
LOAD ./Peripherals/Source/gd32vf103_fwdgt.o
LOAD ./Peripherals/Source/gd32vf103_gpio.o
LOAD ./Peripherals/Source/gd32vf103_i2c.o
LOAD ./Peripherals/Source/gd32vf103_pmu.o
LOAD ./Peripherals/Source/gd32vf103_rcu.o
LOAD ./Peripherals/Source/gd32vf103_rtc.o
LOAD ./Peripherals/Source/gd32vf103_spi.o
LOAD ./Peripherals/Source/gd32vf103_timer.o
LOAD ./Peripherals/Source/gd32vf103_usart.o
LOAD ./Peripherals/Source/gd32vf103_wwdgt.o
LOAD ./Peripherals/system_gd32vf103.o
LOAD ./Application/main.o
LOAD ./Application/systick.o
LOAD d:/nucleistudio_ide_201908/nucleistudio_ide_201908/toolchain/risc-v embedded gcc/8.2.0-2.2-20190521-0004/bin/../lib/gcc/riscv-none-embed/8.2.0/../../../../riscv-none-embed/lib/rv32imac/ilp32\libstdc++_nano.a
LOAD d:/nucleistudio_ide_201908/nucleistudio_ide_201908/toolchain/risc-v embedded gcc/8.2.0-2.2-20190521-0004/bin/../lib/gcc/riscv-none-embed/8.2.0/../../../../riscv-none-embed/lib/rv32imac/ilp32\libm.a
LOAD d:/nucleistudio_ide_201908/nucleistudio_ide_201908/toolchain/risc-v embedded gcc/8.2.0-2.2-20190521-0004/bin/../lib/gcc/riscv-none-embed/8.2.0/rv32imac/ilp32\libgcc.a
LOAD d:/nucleistudio_ide_201908/nucleistudio_ide_201908/toolchain/risc-v embedded gcc/8.2.0-2.2-20190521-0004/bin/../lib/gcc/riscv-none-embed/8.2.0/../../../../riscv-none-embed/lib/rv32imac/ilp32\libg_nano.a
LOAD d:/nucleistudio_ide_201908/nucleistudio_ide_201908/toolchain/risc-v embedded gcc/8.2.0-2.2-20190521-0004/bin/../lib/gcc/riscv-none-embed/8.2.0/../../../../riscv-none-embed/lib/rv32imac/ilp32\libc_nano.a
LOAD d:/nucleistudio_ide_201908/nucleistudio_ide_201908/toolchain/risc-v embedded gcc/8.2.0-2.2-20190521-0004/bin/../lib/gcc/riscv-none-embed/8.2.0/rv32imac/ilp32\libgcc.a
START GROUP
LOAD d:/nucleistudio_ide_201908/nucleistudio_ide_201908/toolchain/risc-v embedded gcc/8.2.0-2.2-20190521-0004/bin/../lib/gcc/riscv-none-embed/8.2.0/rv32imac/ilp32\libgcc.a
LOAD d:/nucleistudio_ide_201908/nucleistudio_ide_201908/toolchain/risc-v embedded gcc/8.2.0-2.2-20190521-0004/bin/../lib/gcc/riscv-none-embed/8.2.0/../../../../riscv-none-embed/lib/rv32imac/ilp32\libc_nano.a
END GROUP
                0x0000000000000800                __stack_size = DEFINED (__stack_size)?__stack_size:0x800

.init           0x0000000008000000      0x238
 *(SORT_NONE(.init))
 .init          0x0000000008000000      0x238 ./RISCV/env_Eclipse/start.o
                0x000000000800015c                _start
                0x000000000800022a                disable_mcycle_minstret
                0x0000000008000230                enable_mcycle_minstret

.ilalign        0x0000000008000238        0x0
                0x0000000008000238                . = ALIGN (0x4)
                [!provide]                        PROVIDE (_ilm_lma = .)

.ialign         0x0000000008000238        0x0
                [!provide]                        PROVIDE (_ilm = .)

.text           0x0000000008000240     0x1cec
 *(.rodata .rodata.*)
 .rodata        0x0000000008000240       0x23 ./RISCV/stubs/_exit.o
 *fill*         0x0000000008000263        0x1 
 .rodata        0x0000000008000264        0x3 ./RISCV/stubs/write_hex.o
 *fill*         0x0000000008000267        0x1 
 .rodata        0x0000000008000268        0xe ./RISCV/env_Eclipse/handlers.o
 *fill*         0x0000000008000276        0x2 
 .rodata        0x0000000008000278        0x8 ./Application/systick.o
 .rodata.__divdf3
                0x0000000008000280       0x40 d:/nucleistudio_ide_201908/nucleistudio_ide_201908/toolchain/risc-v embedded gcc/8.2.0-2.2-20190521-0004/bin/../lib/gcc/riscv-none-embed/8.2.0/rv32imac/ilp32\libgcc.a(divdf3.o)
 .rodata.__muldf3
                0x00000000080002c0       0x40 d:/nucleistudio_ide_201908/nucleistudio_ide_201908/toolchain/risc-v embedded gcc/8.2.0-2.2-20190521-0004/bin/../lib/gcc/riscv-none-embed/8.2.0/rv32imac/ilp32\libgcc.a(muldf3.o)
 .rodata.__clz_tab
                0x0000000008000300      0x100 d:/nucleistudio_ide_201908/nucleistudio_ide_201908/toolchain/risc-v embedded gcc/8.2.0-2.2-20190521-0004/bin/../lib/gcc/riscv-none-embed/8.2.0/rv32imac/ilp32\libgcc.a(_clz.o)
                0x0000000008000300                __clz_tab
 *(.text.unlikely .text.unlikely.*)
 *(.text.startup .text.startup.*)
 *(.text .text.*)
 .text._exit    0x0000000008000400       0x94 ./RISCV/stubs/_exit.o
                0x0000000008000400                _exit
 .text._write   0x0000000008000494       0x70 ./RISCV/stubs/write.o
                0x0000000008000494                _write
 .text._put_char
                0x0000000008000504       0x40 ./RISCV/stubs/write.o
                0x0000000008000504                _put_char
 .text.write_hex
                0x0000000008000544       0xb0 ./RISCV/stubs/write_hex.o
                0x0000000008000544                write_hex
 *fill*         0x00000000080005f4        0xc 
 .text.trap     0x0000000008000600       0x7c ./RISCV/env_Eclipse/entry.o
                0x0000000008000600                trap_entry
 *fill*         0x000000000800067c        0x0 
 .text.irq      0x000000000800067c       0x72 ./RISCV/env_Eclipse/entry.o
                0x000000000800067c                irq_entry
 .text.handle_nmi
                0x00000000080006ee       0x1c ./RISCV/env_Eclipse/handlers.o
                0x00000000080006ee                handle_nmi
 .text.handle_trap
                0x000000000800070a       0x36 ./RISCV/env_Eclipse/handlers.o
                0x000000000800070a                handle_trap
 .text._init    0x0000000008000740       0x1e ./RISCV/env_Eclipse/init.o
                0x0000000008000740                _init
 .text._fini    0x000000000800075e        0xe ./RISCV/env_Eclipse/init.o
                0x000000000800075e                _fini
 .text.mtime_lo
                0x000000000800076c       0x14 ./RISCV/drivers/n200_func.o
                0x000000000800076c                mtime_lo
 .text.mtime_hi
                0x0000000008000780       0x16 ./RISCV/drivers/n200_func.o
                0x0000000008000780                mtime_hi
 .text.get_timer_value
                0x0000000008000796       0x6e ./RISCV/drivers/n200_func.o
                0x0000000008000796                get_timer_value
 .text.eclic_init
                0x0000000008000804       0x64 ./RISCV/drivers/n200_func.o
                0x0000000008000804                eclic_init
 .text.eclic_mode_enable
                0x0000000008000868       0x3e ./RISCV/drivers/n200_func.o
                0x0000000008000868                eclic_mode_enable
 .text.gpio_init
                0x00000000080008a6      0x1de ./Peripherals/Source/gd32vf103_gpio.o
                0x00000000080008a6                gpio_init
 .text.gpio_bit_set
                0x0000000008000a84       0x24 ./Peripherals/Source/gd32vf103_gpio.o
                0x0000000008000a84                gpio_bit_set
 .text.gpio_bit_reset
                0x0000000008000aa8       0x24 ./Peripherals/Source/gd32vf103_gpio.o
                0x0000000008000aa8                gpio_bit_reset
 .text.rcu_periph_clock_enable
                0x0000000008000acc       0x40 ./Peripherals/Source/gd32vf103_rcu.o
                0x0000000008000acc                rcu_periph_clock_enable
 .text.usart_data_transmit
                0x0000000008000b0c       0x28 ./Peripherals/Source/gd32vf103_usart.o
                0x0000000008000b0c                usart_data_transmit
 .text.usart_flag_get
                0x0000000008000b34       0x3c ./Peripherals/Source/gd32vf103_usart.o
                0x0000000008000b34                usart_flag_get
 .text.system_clock_config
                0x0000000008000b70       0x14 ./Peripherals/system_gd32vf103.o
 .text.SystemInit
                0x0000000008000b84       0xa8 ./Peripherals/system_gd32vf103.o
                0x0000000008000b84                SystemInit
 .text.system_clock_108m_hxtal
                0x0000000008000c2c      0x196 ./Peripherals/system_gd32vf103.o
 .text.main     0x0000000008000dc2       0xa0 ./Application/main.o
                0x0000000008000dc2                main
 .text.delay_1ms
                0x0000000008000e62       0xde ./Application/systick.o
                0x0000000008000e62                delay_1ms
 .text.__divdf3
                0x0000000008000f40      0x5b4 d:/nucleistudio_ide_201908/nucleistudio_ide_201908/toolchain/risc-v embedded gcc/8.2.0-2.2-20190521-0004/bin/../lib/gcc/riscv-none-embed/8.2.0/rv32imac/ilp32\libgcc.a(divdf3.o)
                0x0000000008000f40                __divdf3
 .text.__ledf2  0x00000000080014f4       0xb6 d:/nucleistudio_ide_201908/nucleistudio_ide_201908/toolchain/risc-v embedded gcc/8.2.0-2.2-20190521-0004/bin/../lib/gcc/riscv-none-embed/8.2.0/rv32imac/ilp32\libgcc.a(ledf2.o)
                0x00000000080014f4                __ledf2
                0x00000000080014f4                __ltdf2
 .text.__muldf3
                0x00000000080015aa      0x4b0 d:/nucleistudio_ide_201908/nucleistudio_ide_201908/toolchain/risc-v embedded gcc/8.2.0-2.2-20190521-0004/bin/../lib/gcc/riscv-none-embed/8.2.0/rv32imac/ilp32\libgcc.a(muldf3.o)
                0x00000000080015aa                __muldf3
 .text.__floatunsidf
                0x0000000008001a5a       0x66 d:/nucleistudio_ide_201908/nucleistudio_ide_201908/toolchain/risc-v embedded gcc/8.2.0-2.2-20190521-0004/bin/../lib/gcc/riscv-none-embed/8.2.0/rv32imac/ilp32\libgcc.a(floatunsidf.o)
                0x0000000008001a5a                __floatunsidf
 .text.__floatundidf
                0x0000000008001ac0      0x188 d:/nucleistudio_ide_201908/nucleistudio_ide_201908/toolchain/risc-v embedded gcc/8.2.0-2.2-20190521-0004/bin/../lib/gcc/riscv-none-embed/8.2.0/rv32imac/ilp32\libgcc.a(floatundidf.o)
                0x0000000008001ac0                __floatundidf
 .text.__clzsi2
                0x0000000008001c48       0x76 d:/nucleistudio_ide_201908/nucleistudio_ide_201908/toolchain/risc-v embedded gcc/8.2.0-2.2-20190521-0004/bin/../lib/gcc/riscv-none-embed/8.2.0/rv32imac/ilp32\libgcc.a(_clzsi2.o)
                0x0000000008001c48                __clzsi2
 .text.atexit   0x0000000008001cbe        0xa d:/nucleistudio_ide_201908/nucleistudio_ide_201908/toolchain/risc-v embedded gcc/8.2.0-2.2-20190521-0004/bin/../lib/gcc/riscv-none-embed/8.2.0/../../../../riscv-none-embed/lib/rv32imac/ilp32\libg_nano.a(lib_a-atexit.o)
                0x0000000008001cbe                atexit
 .text.exit     0x0000000008001cc8       0x2c d:/nucleistudio_ide_201908/nucleistudio_ide_201908/toolchain/risc-v embedded gcc/8.2.0-2.2-20190521-0004/bin/../lib/gcc/riscv-none-embed/8.2.0/../../../../riscv-none-embed/lib/rv32imac/ilp32\libg_nano.a(lib_a-exit.o)
                0x0000000008001cc8                exit
 .text.__libc_fini_array
                0x0000000008001cf4       0x3a d:/nucleistudio_ide_201908/nucleistudio_ide_201908/toolchain/risc-v embedded gcc/8.2.0-2.2-20190521-0004/bin/../lib/gcc/riscv-none-embed/8.2.0/../../../../riscv-none-embed/lib/rv32imac/ilp32\libg_nano.a(lib_a-fini.o)
                0x0000000008001cf4                __libc_fini_array
 .text.__libc_init_array
                0x0000000008001d2e       0x6e d:/nucleistudio_ide_201908/nucleistudio_ide_201908/toolchain/risc-v embedded gcc/8.2.0-2.2-20190521-0004/bin/../lib/gcc/riscv-none-embed/8.2.0/../../../../riscv-none-embed/lib/rv32imac/ilp32\libg_nano.a(lib_a-init.o)
                0x0000000008001d2e                __libc_init_array
 .text.write    0x0000000008001d9c       0x12 d:/nucleistudio_ide_201908/nucleistudio_ide_201908/toolchain/risc-v embedded gcc/8.2.0-2.2-20190521-0004/bin/../lib/gcc/riscv-none-embed/8.2.0/../../../../riscv-none-embed/lib/rv32imac/ilp32\libg_nano.a(lib_a-syswrite.o)
                0x0000000008001d9c                write
 .text._write_r
                0x0000000008001dae       0x2e d:/nucleistudio_ide_201908/nucleistudio_ide_201908/toolchain/risc-v embedded gcc/8.2.0-2.2-20190521-0004/bin/../lib/gcc/riscv-none-embed/8.2.0/../../../../riscv-none-embed/lib/rv32imac/ilp32\libg_nano.a(lib_a-writer.o)
                0x0000000008001dae                _write_r
 .text.__register_exitproc
                0x0000000008001ddc       0x88 d:/nucleistudio_ide_201908/nucleistudio_ide_201908/toolchain/risc-v embedded gcc/8.2.0-2.2-20190521-0004/bin/../lib/gcc/riscv-none-embed/8.2.0/../../../../riscv-none-embed/lib/rv32imac/ilp32\libg_nano.a(lib_a-__atexit.o)
                0x0000000008001ddc                __register_exitproc
 .text.__call_exitprocs
                0x0000000008001e64       0xc8 d:/nucleistudio_ide_201908/nucleistudio_ide_201908/toolchain/risc-v embedded gcc/8.2.0-2.2-20190521-0004/bin/../lib/gcc/riscv-none-embed/8.2.0/../../../../riscv-none-embed/lib/rv32imac/ilp32\libg_nano.a(lib_a-__call_atexit.o)
                0x0000000008001e64                __call_exitprocs
 *(.gnu.linkonce.t.*)

.sdata2._global_impure_ptr
                0x0000000008001f2c        0x4
 .sdata2._global_impure_ptr
                0x0000000008001f2c        0x4 d:/nucleistudio_ide_201908/nucleistudio_ide_201908/toolchain/risc-v embedded gcc/8.2.0-2.2-20190521-0004/bin/../lib/gcc/riscv-none-embed/8.2.0/../../../../riscv-none-embed/lib/rv32imac/ilp32\libg_nano.a(lib_a-impure.o)
                0x0000000008001f2c                _global_impure_ptr

.rela.dyn       0x0000000008001f30        0x0
 .rela.text._write
                0x0000000008001f30        0x0 ./RISCV/stubs/_exit.o
 .rela.text.trap
                0x0000000008001f30        0x0 ./RISCV/stubs/_exit.o
 .rela.text.handle_trap
                0x0000000008001f30        0x0 ./RISCV/stubs/_exit.o
 .rela.init     0x0000000008001f30        0x0 ./RISCV/stubs/_exit.o
 .rela.text.__libc_fini_array
                0x0000000008001f30        0x0 ./RISCV/stubs/_exit.o
 .rela.data.impure_data
                0x0000000008001f30        0x0 ./RISCV/stubs/_exit.o
 .rela.text.__libc_init_array
                0x0000000008001f30        0x0 ./RISCV/stubs/_exit.o
 .rela.text._write_r
                0x0000000008001f30        0x0 ./RISCV/stubs/_exit.o
 .rela.text.__register_exitproc
                0x0000000008001f30        0x0 ./RISCV/stubs/_exit.o

.fini
 *(SORT_NONE(.fini))
                0x0000000008001f30                . = ALIGN (0x4)
                [!provide]                        PROVIDE (__etext = .)
                [!provide]                        PROVIDE (_etext = .)
                [!provide]                        PROVIDE (etext = .)
                [!provide]                        PROVIDE (_eilm = .)

.preinit_array  0x0000000008001f30        0x0
                0x0000000008001f30                PROVIDE (__preinit_array_start = .)
 *(.preinit_array)
                0x0000000008001f30                PROVIDE (__preinit_array_end = .)

.init_array     0x0000000008001f30        0x0
                0x0000000008001f30                PROVIDE (__init_array_start = .)
 *(SORT_BY_INIT_PRIORITY(.init_array.*) SORT_BY_INIT_PRIORITY(.ctors.*))
 *(.init_array EXCLUDE_FILE(*crtend?.o *crtend.o *crtbegin?.o *crtbegin.o) .ctors)
                0x0000000008001f30                PROVIDE (__init_array_end = .)

.fini_array     0x0000000008001f30        0x0
                0x0000000008001f30                PROVIDE (__fini_array_start = .)
 *(SORT_BY_INIT_PRIORITY(.fini_array.*) SORT_BY_INIT_PRIORITY(.dtors.*))
 *(.fini_array EXCLUDE_FILE(*crtend?.o *crtend.o *crtbegin?.o *crtbegin.o) .dtors)
                0x0000000008001f30                PROVIDE (__fini_array_end = .)

.ctors
 *crtbegin.o(.ctors)
 *crtbegin?.o(.ctors)
 *(EXCLUDE_FILE(*crtend?.o *crtend.o) .ctors)
 *(SORT_BY_NAME(.ctors.*))
 *(.ctors)

.dtors
 *crtbegin.o(.dtors)
 *crtbegin?.o(.dtors)
 *(EXCLUDE_FILE(*crtend?.o *crtend.o) .dtors)
 *(SORT_BY_NAME(.dtors.*))
 *(.dtors)
                0x0000000008001f30                . = ALIGN (0x4)
                [!provide]                        PROVIDE (_eilm = .)

.lalign         0x0000000008001f30        0x0
                0x0000000008001f30                . = ALIGN (0x4)
                0x0000000008001f30                PROVIDE (_data_lma = .)

.dalign         0x0000000020000000        0x0 load address 0x0000000008001f30
                0x0000000020000000                . = ALIGN (0x4)
                0x0000000020000000                PROVIDE (_data = .)

.data           0x0000000020000000       0x68 load address 0x0000000008001f30
 *(.rdata)
 *(.gnu.linkonce.r.*)
 *(.data .data.*)
 .data.impure_data
                0x0000000020000000       0x60 d:/nucleistudio_ide_201908/nucleistudio_ide_201908/toolchain/risc-v embedded gcc/8.2.0-2.2-20190521-0004/bin/../lib/gcc/riscv-none-embed/8.2.0/../../../../riscv-none-embed/lib/rv32imac/ilp32\libg_nano.a(lib_a-impure.o)
 *(.gnu.linkonce.d.*)
                0x0000000020000060                . = ALIGN (0x8)
                0x0000000020000860                PROVIDE (__global_pointer$ = (. + 0x800))
 *(.sdata .sdata.*)
 .sdata.SystemCoreClock
                0x0000000020000060        0x4 ./Peripherals/system_gd32vf103.o
                0x0000000020000060                SystemCoreClock
 .sdata._impure_ptr
                0x0000000020000064        0x4 d:/nucleistudio_ide_201908/nucleistudio_ide_201908/toolchain/risc-v embedded gcc/8.2.0-2.2-20190521-0004/bin/../lib/gcc/riscv-none-embed/8.2.0/../../../../riscv-none-embed/lib/rv32imac/ilp32\libg_nano.a(lib_a-impure.o)
                0x0000000020000064                _impure_ptr
 *(.gnu.linkonce.s.*)
                0x0000000020000068                . = ALIGN (0x8)
 *(.srodata.cst16)
 *(.srodata.cst8)
 *(.srodata.cst4)
 *(.srodata.cst2)
 *(.srodata .srodata.*)
                0x0000000020000068                . = ALIGN (0x4)
                0x0000000020000068                PROVIDE (_edata = .)
                [!provide]                        PROVIDE (edata = .)
                [!provide]                        PROVIDE (_fbss = .)
                0x0000000020000068                PROVIDE (__bss_start = .)

.bss            0x0000000020000068       0x94
 *(.sbss*)
 .sbss._global_atexit
                0x0000000020000068        0x4 d:/nucleistudio_ide_201908/nucleistudio_ide_201908/toolchain/risc-v embedded gcc/8.2.0-2.2-20190521-0004/bin/../lib/gcc/riscv-none-embed/8.2.0/../../../../riscv-none-embed/lib/rv32imac/ilp32\libg_nano.a(lib_a-__call_atexit.o)
                0x0000000020000068                _global_atexit
 *(.gnu.linkonce.sb.*)
 *(.bss .bss.*)
 .bss._global_atexit0
                0x000000002000006c       0x8c d:/nucleistudio_ide_201908/nucleistudio_ide_201908/toolchain/risc-v embedded gcc/8.2.0-2.2-20190521-0004/bin/../lib/gcc/riscv-none-embed/8.2.0/../../../../riscv-none-embed/lib/rv32imac/ilp32\libg_nano.a(lib_a-__atexit.o)
 *(.gnu.linkonce.b.*)
 *(COMMON)
 COMMON         0x00000000200000f8        0x4 d:/nucleistudio_ide_201908/nucleistudio_ide_201908/toolchain/risc-v embedded gcc/8.2.0-2.2-20190521-0004/bin/../lib/gcc/riscv-none-embed/8.2.0/../../../../riscv-none-embed/lib/rv32imac/ilp32\libg_nano.a(lib_a-reent.o)
                0x00000000200000f8                errno
                0x00000000200000fc                . = ALIGN (0x4)
                0x0000000020000100                . = ALIGN (0x8)
                0x0000000020000100                PROVIDE (_end = .)
                [!provide]                        PROVIDE (end = .)

.stack          0x0000000020007800      0x800 load address 0x00000000200000fc
                0x0000000020007800                PROVIDE (_heap_end = .)
                0x0000000000000800                . = __stack_size
 *fill*         0x0000000020007800      0x800 
                0x0000000020008000                PROVIDE (_sp = .)
OUTPUT((1) GPIO_LEDÁ÷Ë®µÆ.elf elf32-littleriscv)

.debug_info     0x0000000000000000     0x62b4
 .debug_info    0x0000000000000000      0x11d ./RISCV/stubs/_exit.o
 .debug_info    0x000000000000011d      0xb32 ./RISCV/stubs/write.o
 .debug_info    0x0000000000000c4f      0x15a ./RISCV/stubs/write_hex.o
 .debug_info    0x0000000000000da9       0x22 ./RISCV/env_Eclipse/entry.o
 .debug_info    0x0000000000000dcb      0x9d5 ./RISCV/env_Eclipse/handlers.o
 .debug_info    0x00000000000017a0      0xb56 ./RISCV/env_Eclipse/init.o
 .debug_info    0x00000000000022f6       0x26 ./RISCV/env_Eclipse/start.o
 .debug_info    0x000000000000231c     0x132b ./RISCV/drivers/n200_func.o
 .debug_info    0x0000000000003647      0x5f6 ./Peripherals/Source/gd32vf103_gpio.o
 .debug_info    0x0000000000003c3d      0xdbd ./Peripherals/Source/gd32vf103_rcu.o
 .debug_info    0x00000000000049fa      0xb75 ./Peripherals/Source/gd32vf103_usart.o
 .debug_info    0x000000000000556f      0x1c0 ./Peripherals/system_gd32vf103.o
 .debug_info    0x000000000000572f      0xa86 ./Application/main.o
 .debug_info    0x00000000000061b5       0xff ./Application/systick.o

.debug_abbrev   0x0000000000000000     0x1449
 .debug_abbrev  0x0000000000000000       0xa0 ./RISCV/stubs/_exit.o
 .debug_abbrev  0x00000000000000a0      0x258 ./RISCV/stubs/write.o
 .debug_abbrev  0x00000000000002f8       0xab ./RISCV/stubs/write_hex.o
 .debug_abbrev  0x00000000000003a3       0x12 ./RISCV/env_Eclipse/entry.o
 .debug_abbrev  0x00000000000003b5      0x20f ./RISCV/env_Eclipse/handlers.o
 .debug_abbrev  0x00000000000005c4      0x203 ./RISCV/env_Eclipse/init.o
 .debug_abbrev  0x00000000000007c7       0x14 ./RISCV/env_Eclipse/start.o
 .debug_abbrev  0x00000000000007db      0x3af ./RISCV/drivers/n200_func.o
 .debug_abbrev  0x0000000000000b8a      0x1d1 ./Peripherals/Source/gd32vf103_gpio.o
 .debug_abbrev  0x0000000000000d5b      0x1ea ./Peripherals/Source/gd32vf103_rcu.o
 .debug_abbrev  0x0000000000000f45      0x199 ./Peripherals/Source/gd32vf103_usart.o
 .debug_abbrev  0x00000000000010de       0xe5 ./Peripherals/system_gd32vf103.o
 .debug_abbrev  0x00000000000011c3      0x1ed ./Application/main.o
 .debug_abbrev  0x00000000000013b0       0x99 ./Application/systick.o

.debug_aranges  0x0000000000000000      0x630
 .debug_aranges
                0x0000000000000000       0x20 ./RISCV/stubs/_exit.o
 .debug_aranges
                0x0000000000000020       0x30 ./RISCV/stubs/write.o
 .debug_aranges
                0x0000000000000050       0x20 ./RISCV/stubs/write_hex.o
 .debug_aranges
                0x0000000000000070       0x28 ./RISCV/env_Eclipse/entry.o
 .debug_aranges
                0x0000000000000098       0x28 ./RISCV/env_Eclipse/handlers.o
 .debug_aranges
                0x00000000000000c0       0x28 ./RISCV/env_Eclipse/init.o
 .debug_aranges
                0x00000000000000e8       0x20 ./RISCV/env_Eclipse/start.o
 .debug_aranges
                0x0000000000000108      0x140 ./RISCV/drivers/n200_func.o
 .debug_aranges
                0x0000000000000248       0xa0 ./Peripherals/Source/gd32vf103_gpio.o
 .debug_aranges
                0x00000000000002e8      0x160 ./Peripherals/Source/gd32vf103_rcu.o
 .debug_aranges
                0x0000000000000448      0x170 ./Peripherals/Source/gd32vf103_usart.o
 .debug_aranges
                0x00000000000005b8       0x38 ./Peripherals/system_gd32vf103.o
 .debug_aranges
                0x00000000000005f0       0x20 ./Application/main.o
 .debug_aranges
                0x0000000000000610       0x20 ./Application/systick.o

.debug_ranges   0x0000000000000000      0x548
 .debug_ranges  0x0000000000000000       0x10 ./RISCV/stubs/_exit.o
 .debug_ranges  0x0000000000000010       0x20 ./RISCV/stubs/write.o
 .debug_ranges  0x0000000000000030       0x10 ./RISCV/stubs/write_hex.o
 .debug_ranges  0x0000000000000040       0x20 ./RISCV/env_Eclipse/entry.o
 .debug_ranges  0x0000000000000060       0x18 ./RISCV/env_Eclipse/handlers.o
 .debug_ranges  0x0000000000000078       0x18 ./RISCV/env_Eclipse/init.o
 .debug_ranges  0x0000000000000090      0x130 ./RISCV/drivers/n200_func.o
 .debug_ranges  0x00000000000001c0       0x90 ./Peripherals/Source/gd32vf103_gpio.o
 .debug_ranges  0x0000000000000250      0x150 ./Peripherals/Source/gd32vf103_rcu.o
 .debug_ranges  0x00000000000003a0      0x160 ./Peripherals/Source/gd32vf103_usart.o
 .debug_ranges  0x0000000000000500       0x28 ./Peripherals/system_gd32vf103.o
 .debug_ranges  0x0000000000000528       0x10 ./Application/main.o
 .debug_ranges  0x0000000000000538       0x10 ./Application/systick.o

.debug_line     0x0000000000000000     0x50f8
 .debug_line    0x0000000000000000       0xff ./RISCV/stubs/_exit.o
 .debug_line    0x00000000000000ff      0x42f ./RISCV/stubs/write.o
 .debug_line    0x000000000000052e      0x246 ./RISCV/stubs/write_hex.o
 .debug_line    0x0000000000000774       0xd7 ./RISCV/env_Eclipse/entry.o
 .debug_line    0x000000000000084b      0x288 ./RISCV/env_Eclipse/handlers.o
 .debug_line    0x0000000000000ad3      0x303 ./RISCV/env_Eclipse/init.o
 .debug_line    0x0000000000000dd6      0x175 ./RISCV/env_Eclipse/start.o
 .debug_line    0x0000000000000f4b      0xdbf ./RISCV/drivers/n200_func.o
 .debug_line    0x0000000000001d0a      0xae2 ./Peripherals/Source/gd32vf103_gpio.o
 .debug_line    0x00000000000027ec     0x115e ./Peripherals/Source/gd32vf103_rcu.o
 .debug_line    0x000000000000394a      0xc4e ./Peripherals/Source/gd32vf103_usart.o
 .debug_line    0x0000000000004598      0x543 ./Peripherals/system_gd32vf103.o
 .debug_line    0x0000000000004adb      0x3bf ./Application/main.o
 .debug_line    0x0000000000004e9a      0x25e ./Application/systick.o

.debug_str      0x0000000000000000     0x2274
 .debug_str     0x0000000000000000      0x1b5 ./RISCV/stubs/_exit.o
                                        0x1f5 (size before relaxing)
 .debug_str     0x00000000000001b5      0x4d5 ./RISCV/stubs/write.o
                                        0x6e6 (size before relaxing)
 .debug_str     0x000000000000068a       0x33 ./RISCV/stubs/write_hex.o
                                        0x210 (size before relaxing)
 .debug_str     0x00000000000006bd       0x29 ./RISCV/env_Eclipse/entry.o
                                         0x7f (size before relaxing)
 .debug_str     0x00000000000006e6       0x4a ./RISCV/env_Eclipse/handlers.o
                                        0x604 (size before relaxing)
 .debug_str     0x0000000000000730      0x3c1 ./RISCV/env_Eclipse/init.o
                                        0x9a0 (size before relaxing)
 .debug_str     0x0000000000000af1       0x1d ./RISCV/env_Eclipse/start.o
                                         0x7f (size before relaxing)
 .debug_str     0x0000000000000b0e      0x37c ./RISCV/drivers/n200_func.o
                                        0x9b7 (size before relaxing)
 .debug_str     0x0000000000000e8a      0x3a5 ./Peripherals/Source/gd32vf103_gpio.o
                                        0x599 (size before relaxing)
 .debug_str     0x000000000000122f      0xa98 ./Peripherals/Source/gd32vf103_rcu.o
                                        0xe31 (size before relaxing)
 .debug_str     0x0000000000001cc7      0x4e9 ./Peripherals/Source/gd32vf103_usart.o
                                        0x946 (size before relaxing)
 .debug_str     0x00000000000021b0       0x86 ./Peripherals/system_gd32vf103.o
                                        0x29c (size before relaxing)
 .debug_str     0x0000000000002236       0x1b ./Application/main.o
                                        0x738 (size before relaxing)
 .debug_str     0x0000000000002251       0x23 ./Application/systick.o
                                        0x212 (size before relaxing)

.comment        0x0000000000000000       0x39
 .comment       0x0000000000000000       0x39 ./RISCV/stubs/_exit.o
                                         0x3a (size before relaxing)
 .comment       0x0000000000000039       0x3a ./RISCV/stubs/write.o
 .comment       0x0000000000000039       0x3a ./RISCV/stubs/write_hex.o
 .comment       0x0000000000000039       0x3a ./RISCV/env_Eclipse/handlers.o
 .comment       0x0000000000000039       0x3a ./RISCV/env_Eclipse/init.o
 .comment       0x0000000000000039       0x3a ./RISCV/drivers/n200_func.o
 .comment       0x0000000000000039       0x3a ./Peripherals/Source/gd32vf103_gpio.o
 .comment       0x0000000000000039       0x3a ./Peripherals/Source/gd32vf103_rcu.o
 .comment       0x0000000000000039       0x3a ./Peripherals/Source/gd32vf103_usart.o
 .comment       0x0000000000000039       0x3a ./Peripherals/system_gd32vf103.o
 .comment       0x0000000000000039       0x3a ./Application/main.o
 .comment       0x0000000000000039       0x3a ./Application/systick.o

.debug_frame    0x0000000000000000     0x17f4
 .debug_frame   0x0000000000000000       0x2c ./RISCV/stubs/_exit.o
 .debug_frame   0x000000000000002c       0x7c ./RISCV/stubs/write.o
 .debug_frame   0x00000000000000a8       0x34 ./RISCV/stubs/write_hex.o
 .debug_frame   0x00000000000000dc       0x48 ./RISCV/env_Eclipse/handlers.o
 .debug_frame   0x0000000000000124       0x54 ./RISCV/env_Eclipse/init.o
 .debug_frame   0x0000000000000178      0x510 ./RISCV/drivers/n200_func.o
 .debug_frame   0x0000000000000688      0x244 ./Peripherals/Source/gd32vf103_gpio.o
 .debug_frame   0x00000000000008cc      0x540 ./Peripherals/Source/gd32vf103_rcu.o
 .debug_frame   0x0000000000000e0c      0x57c ./Peripherals/Source/gd32vf103_usart.o
 .debug_frame   0x0000000000001388       0xa0 ./Peripherals/system_gd32vf103.o
 .debug_frame   0x0000000000001428       0x2c ./Application/main.o
 .debug_frame   0x0000000000001454       0x44 ./Application/systick.o
 .debug_frame   0x0000000000001498       0x50 d:/nucleistudio_ide_201908/nucleistudio_ide_201908/toolchain/risc-v embedded gcc/8.2.0-2.2-20190521-0004/bin/../lib/gcc/riscv-none-embed/8.2.0/rv32imac/ilp32\libgcc.a(divdf3.o)
 .debug_frame   0x00000000000014e8       0x20 d:/nucleistudio_ide_201908/nucleistudio_ide_201908/toolchain/risc-v embedded gcc/8.2.0-2.2-20190521-0004/bin/../lib/gcc/riscv-none-embed/8.2.0/rv32imac/ilp32\libgcc.a(ledf2.o)
 .debug_frame   0x0000000000001508       0x54 d:/nucleistudio_ide_201908/nucleistudio_ide_201908/toolchain/risc-v embedded gcc/8.2.0-2.2-20190521-0004/bin/../lib/gcc/riscv-none-embed/8.2.0/rv32imac/ilp32\libgcc.a(muldf3.o)
 .debug_frame   0x000000000000155c       0x38 d:/nucleistudio_ide_201908/nucleistudio_ide_201908/toolchain/risc-v embedded gcc/8.2.0-2.2-20190521-0004/bin/../lib/gcc/riscv-none-embed/8.2.0/rv32imac/ilp32\libgcc.a(floatunsidf.o)
 .debug_frame   0x0000000000001594       0x50 d:/nucleistudio_ide_201908/nucleistudio_ide_201908/toolchain/risc-v embedded gcc/8.2.0-2.2-20190521-0004/bin/../lib/gcc/riscv-none-embed/8.2.0/rv32imac/ilp32\libgcc.a(floatundidf.o)
 .debug_frame   0x00000000000015e4       0x20 d:/nucleistudio_ide_201908/nucleistudio_ide_201908/toolchain/risc-v embedded gcc/8.2.0-2.2-20190521-0004/bin/../lib/gcc/riscv-none-embed/8.2.0/rv32imac/ilp32\libgcc.a(_clzsi2.o)
 .debug_frame   0x0000000000001604       0x20 d:/nucleistudio_ide_201908/nucleistudio_ide_201908/toolchain/risc-v embedded gcc/8.2.0-2.2-20190521-0004/bin/../lib/gcc/riscv-none-embed/8.2.0/../../../../riscv-none-embed/lib/rv32imac/ilp32\libg_nano.a(lib_a-atexit.o)
 .debug_frame   0x0000000000001624       0x28 d:/nucleistudio_ide_201908/nucleistudio_ide_201908/toolchain/risc-v embedded gcc/8.2.0-2.2-20190521-0004/bin/../lib/gcc/riscv-none-embed/8.2.0/../../../../riscv-none-embed/lib/rv32imac/ilp32\libg_nano.a(lib_a-exit.o)
 .debug_frame   0x000000000000164c       0x38 d:/nucleistudio_ide_201908/nucleistudio_ide_201908/toolchain/risc-v embedded gcc/8.2.0-2.2-20190521-0004/bin/../lib/gcc/riscv-none-embed/8.2.0/../../../../riscv-none-embed/lib/rv32imac/ilp32\libg_nano.a(lib_a-fini.o)
 .debug_frame   0x0000000000001684       0x3c d:/nucleistudio_ide_201908/nucleistudio_ide_201908/toolchain/risc-v embedded gcc/8.2.0-2.2-20190521-0004/bin/../lib/gcc/riscv-none-embed/8.2.0/../../../../riscv-none-embed/lib/rv32imac/ilp32\libg_nano.a(lib_a-init.o)
 .debug_frame   0x00000000000016c0       0x20 d:/nucleistudio_ide_201908/nucleistudio_ide_201908/toolchain/risc-v embedded gcc/8.2.0-2.2-20190521-0004/bin/../lib/gcc/riscv-none-embed/8.2.0/../../../../riscv-none-embed/lib/rv32imac/ilp32\libg_nano.a(lib_a-syswrite.o)
 .debug_frame   0x00000000000016e0       0x30 d:/nucleistudio_ide_201908/nucleistudio_ide_201908/toolchain/risc-v embedded gcc/8.2.0-2.2-20190521-0004/bin/../lib/gcc/riscv-none-embed/8.2.0/../../../../riscv-none-embed/lib/rv32imac/ilp32\libg_nano.a(lib_a-writer.o)
 .debug_frame   0x0000000000001710       0x20 d:/nucleistudio_ide_201908/nucleistudio_ide_201908/toolchain/risc-v embedded gcc/8.2.0-2.2-20190521-0004/bin/../lib/gcc/riscv-none-embed/8.2.0/../../../../riscv-none-embed/lib/rv32imac/ilp32\libg_nano.a(lib_a-__atexit.o)
 .debug_frame   0x0000000000001730       0x54 d:/nucleistudio_ide_201908/nucleistudio_ide_201908/toolchain/risc-v embedded gcc/8.2.0-2.2-20190521-0004/bin/../lib/gcc/riscv-none-embed/8.2.0/../../../../riscv-none-embed/lib/rv32imac/ilp32\libg_nano.a(lib_a-__call_atexit.o)
 .debug_frame   0x0000000000001784       0x70 d:/nucleistudio_ide_201908/nucleistudio_ide_201908/toolchain/risc-v embedded gcc/8.2.0-2.2-20190521-0004/bin/../lib/gcc/riscv-none-embed/8.2.0/../../../../riscv-none-embed/lib/rv32imac/ilp32\libg_nano.a(lib_a-reent.o)
